=== phase17 ISO-05 replication — TRAINING (plan 17-10 Task 1) ===
=== wrapper pid 55096 started 2026-08-15T11:24:25Z ===

--- --train persona_a --seed 1437  @ 2026-08-15T11:24:25Z ---
[phase17_isolation] ISO-01 verdict in phase17_personas_report.md: GO
[phase17_isolation] training arm 'persona_a_seed1437' at seed 1437 -> /Users/juliorcoelho/PersonaCore/checkpoints/phase17_persona_a_seed1437_adapter.pt
[teach_persona] D-06 verdict: ADAPT — proceeding with arm 'persona_a_seed1437'
[preflight] device=mps cc=n/a torch=2.7.1
[teach_persona] preflight: {'device': 'mps', 'cc': None, 'torch': '2.7.1'}
  smoke draw: x/y (4, 256), y carries -100 — ok
  paraphrases/fact inside (20, 50) for 8 facts
  130 held-out questions: none present at token level
  mask fraction: mean 0.3678 / min 0.1803 / max 0.5714
[teach_persona] persona_a_seed1437: 176 episodes, 7,531 tokens (7,531 teaching + 0 replay), episode length mean 42.8 [22, 70]
[teach_persona] bins provenance: seed=1437 git_sha=d866f593e4b9141adde523350d5d61b6d406f44e pid=55216 torch=2.7.1 arm=persona_a_seed1437 second_person=False replay_ratio=0.0 mask_fraction=0.3563 wall=0.1s utc=2026-08-15T11:24:26Z
[teach_persona] bins written (gitignored): /Users/juliorcoelho/PersonaCore/data/persona_persona_a_seed1437_train.bin + /Users/juliorcoelho/PersonaCore/data/persona_persona_a_seed1437_train_mask.bin
[teach_persona] injected 36 wrappers, 331776 trainable params
[teach_persona] canary passed: all lora_ moved, base bit-untouched
[teach_persona] wrote /Users/juliorcoelho/PersonaCore/checkpoints/phase17_persona_a_seed1437_adapter.pt (1.35 MB)
[teach_persona] masked dialogue-val PPL: adapter OFF 4.5733 / ON 14.7505 (+222.53% over 270,203 scored targets)
[teach_persona] run provenance: arm=persona_a_seed1437 seed=1437 lr=0.0003 weight_decay=0.0 batch_size=8 max_steps=200 warmup_steps=20 block_size=256 base_fingerprint=(git_sha=04e724c67033f9a2ed8b705a07ad025c867a18c5, step=4000, val_loss=1.5235939979553224) driver_git_sha=d866f593e4b9141adde523350d5d61b6d406f44e pid=55216 device=mps torch=2.7.1 second_person=False replay_ratio=0.0 mask_fraction=0.3563 final_train_loss=0.0768 utc=2026-08-15T11:25:45Z
--- exit 0 for persona_a seed 1437 @ 2026-08-15T11:25:45Z ---

--- --train persona_a --seed 1537  @ 2026-08-15T11:25:45Z ---
[phase17_isolation] ISO-01 verdict in phase17_personas_report.md: GO
[phase17_isolation] training arm 'persona_a_seed1537' at seed 1537 -> /Users/juliorcoelho/PersonaCore/checkpoints/phase17_persona_a_seed1537_adapter.pt
[teach_persona] D-06 verdict: ADAPT — proceeding with arm 'persona_a_seed1537'
[preflight] device=mps cc=n/a torch=2.7.1
[teach_persona] preflight: {'device': 'mps', 'cc': None, 'torch': '2.7.1'}
  smoke draw: x/y (4, 256), y carries -100 — ok
  paraphrases/fact inside (20, 50) for 8 facts
  130 held-out questions: none present at token level
  mask fraction: mean 0.3678 / min 0.1803 / max 0.5714
[teach_persona] persona_a_seed1537: 176 episodes, 7,531 tokens (7,531 teaching + 0 replay), episode length mean 42.8 [22, 70]
[teach_persona] bins provenance: seed=1537 git_sha=d866f593e4b9141adde523350d5d61b6d406f44e pid=55890 torch=2.7.1 arm=persona_a_seed1537 second_person=False replay_ratio=0.0 mask_fraction=0.3563 wall=0.2s utc=2026-08-15T11:25:46Z
[teach_persona] bins written (gitignored): /Users/juliorcoelho/PersonaCore/data/persona_persona_a_seed1537_train.bin + /Users/juliorcoelho/PersonaCore/data/persona_persona_a_seed1537_train_mask.bin
[teach_persona] injected 36 wrappers, 331776 trainable params
[teach_persona] canary passed: all lora_ moved, base bit-untouched
[teach_persona] wrote /Users/juliorcoelho/PersonaCore/checkpoints/phase17_persona_a_seed1537_adapter.pt (1.35 MB)
[teach_persona] masked dialogue-val PPL: adapter OFF 4.5733 / ON 14.5617 (+218.40% over 270,203 scored targets)
[teach_persona] run provenance: arm=persona_a_seed1537 seed=1537 lr=0.0003 weight_decay=0.0 batch_size=8 max_steps=200 warmup_steps=20 block_size=256 base_fingerprint=(git_sha=04e724c67033f9a2ed8b705a07ad025c867a18c5, step=4000, val_loss=1.5235939979553224) driver_git_sha=d866f593e4b9141adde523350d5d61b6d406f44e pid=55890 device=mps torch=2.7.1 second_person=False replay_ratio=0.0 mask_fraction=0.3563 final_train_loss=0.0663 utc=2026-08-15T11:27:05Z
--- exit 0 for persona_a seed 1537 @ 2026-08-15T11:27:06Z ---

--- --train persona_b --seed 1438  @ 2026-08-15T11:27:06Z ---
[phase17_isolation] ISO-01 verdict in phase17_personas_report.md: GO
[phase17_isolation] training arm 'persona_b_seed1438' at seed 1438 -> /Users/juliorcoelho/PersonaCore/checkpoints/phase17_persona_b_seed1438_adapter.pt
[teach_persona] D-06 verdict: ADAPT — proceeding with arm 'persona_b_seed1438'
[preflight] device=mps cc=n/a torch=2.7.1
[teach_persona] preflight: {'device': 'mps', 'cc': None, 'torch': '2.7.1'}
  smoke draw: x/y (4, 256), y carries -100 — ok
  paraphrases/fact inside (20, 50) for 8 facts
  130 held-out questions: none present at token level
  mask fraction: mean 0.3658 / min 0.1884 / max 0.5714
[teach_persona] persona_b_seed1438: 176 episodes, 7,476 tokens (7,476 teaching + 0 replay), episode length mean 42.5 [24, 69]
[teach_persona] bins provenance: seed=1438 git_sha=d866f593e4b9141adde523350d5d61b6d406f44e pid=55950 torch=2.7.1 arm=persona_b_seed1438 second_person=False replay_ratio=0.0 mask_fraction=0.3535 wall=0.1s utc=2026-08-15T11:27:06Z
[teach_persona] bins written (gitignored): /Users/juliorcoelho/PersonaCore/data/persona_persona_b_seed1438_train.bin + /Users/juliorcoelho/PersonaCore/data/persona_persona_b_seed1438_train_mask.bin
[teach_persona] injected 36 wrappers, 331776 trainable params
[teach_persona] canary passed: all lora_ moved, base bit-untouched
[teach_persona] wrote /Users/juliorcoelho/PersonaCore/checkpoints/phase17_persona_b_seed1438_adapter.pt (1.35 MB)
[teach_persona] masked dialogue-val PPL: adapter OFF 4.5733 / ON 14.4950 (+216.94% over 270,203 scored targets)
[teach_persona] run provenance: arm=persona_b_seed1438 seed=1438 lr=0.0003 weight_decay=0.0 batch_size=8 max_steps=200 warmup_steps=20 block_size=256 base_fingerprint=(git_sha=04e724c67033f9a2ed8b705a07ad025c867a18c5, step=4000, val_loss=1.5235939979553224) driver_git_sha=d866f593e4b9141adde523350d5d61b6d406f44e pid=55950 device=mps torch=2.7.1 second_person=False replay_ratio=0.0 mask_fraction=0.3535 final_train_loss=0.0886 utc=2026-08-15T11:28:25Z
--- exit 0 for persona_b seed 1438 @ 2026-08-15T11:28:25Z ---

--- --train persona_b --seed 1538  @ 2026-08-15T11:28:25Z ---
[phase17_isolation] ISO-01 verdict in phase17_personas_report.md: GO
[phase17_isolation] training arm 'persona_b_seed1538' at seed 1538 -> /Users/juliorcoelho/PersonaCore/checkpoints/phase17_persona_b_seed1538_adapter.pt
[teach_persona] D-06 verdict: ADAPT — proceeding with arm 'persona_b_seed1538'
[preflight] device=mps cc=n/a torch=2.7.1
[teach_persona] preflight: {'device': 'mps', 'cc': None, 'torch': '2.7.1'}
  smoke draw: x/y (4, 256), y carries -100 — ok
  paraphrases/fact inside (20, 50) for 8 facts
  130 held-out questions: none present at token level
  mask fraction: mean 0.3658 / min 0.1884 / max 0.5714
[teach_persona] persona_b_seed1538: 176 episodes, 7,476 tokens (7,476 teaching + 0 replay), episode length mean 42.5 [24, 69]
[teach_persona] bins provenance: seed=1538 git_sha=d866f593e4b9141adde523350d5d61b6d406f44e pid=56009 torch=2.7.1 arm=persona_b_seed1538 second_person=False replay_ratio=0.0 mask_fraction=0.3535 wall=0.1s utc=2026-08-15T11:28:26Z
[teach_persona] bins written (gitignored): /Users/juliorcoelho/PersonaCore/data/persona_persona_b_seed1538_train.bin + /Users/juliorcoelho/PersonaCore/data/persona_persona_b_seed1538_train_mask.bin
[teach_persona] injected 36 wrappers, 331776 trainable params
[teach_persona] canary passed: all lora_ moved, base bit-untouched
[teach_persona] wrote /Users/juliorcoelho/PersonaCore/checkpoints/phase17_persona_b_seed1538_adapter.pt (1.35 MB)
[teach_persona] masked dialogue-val PPL: adapter OFF 4.5733 / ON 14.5786 (+218.77% over 270,203 scored targets)
[teach_persona] run provenance: arm=persona_b_seed1538 seed=1538 lr=0.0003 weight_decay=0.0 batch_size=8 max_steps=200 warmup_steps=20 block_size=256 base_fingerprint=(git_sha=04e724c67033f9a2ed8b705a07ad025c867a18c5, step=4000, val_loss=1.5235939979553224) driver_git_sha=d866f593e4b9141adde523350d5d61b6d406f44e pid=56009 device=mps torch=2.7.1 second_person=False replay_ratio=0.0 mask_fraction=0.3535 final_train_loss=0.0666 utc=2026-08-15T11:29:44Z
--- exit 0 for persona_b seed 1538 @ 2026-08-15T11:29:45Z ---
=== TRAINING wrapper finished rc=0 @ 2026-08-15T11:29:45Z ===
